../src/abcc_adaptation/abcc_hardware_abstraction.c:151:6:ABCC_HAL_Set_I2C_Handle	32	static
../src/abcc_adaptation/abcc_hardware_abstraction.c:172:6:ABCC_HAL_Set_SPI_Handle	32	static
../src/abcc_adaptation/abcc_hardware_abstraction.c:194:6:ABCC_HAL_Set_UART_Handle	32	static
../src/abcc_adaptation/abcc_hardware_abstraction.c:215:6:ABCC_HAL_Refresh_I2C_In	32	static
../src/abcc_adaptation/abcc_hardware_abstraction.c:287:6:ABCC_HAL_Refresh_I2C_Out	32	static
../src/abcc_adaptation/abcc_hardware_abstraction.c:345:6:ABCC_HAL_GetRestartButton	8	static
../src/abcc_adaptation/abcc_hardware_abstraction.c:360:6:HAL_SPI_TxRxCpltCallback	24	static
../src/abcc_adaptation/abcc_hardware_abstraction.c:409:6:HAL_UART_RxCpltCallback	32	static
../src/abcc_adaptation/abcc_hardware_abstraction.c:468:6:ABCC_HAL_HwInit	32	static
../src/abcc_adaptation/abcc_hardware_abstraction.c:517:6:ABCC_HAL_Init	8	static
../src/abcc_adaptation/abcc_hardware_abstraction.c:529:6:ABCC_HAL_Close	4	static
../src/abcc_adaptation/abcc_hardware_abstraction.c:539:6:ABCC_HAL_SetOpmode	40	static
../src/abcc_adaptation/abcc_hardware_abstraction.c:674:7:ABCC_HAL_GetOpmode	16	static
../src/abcc_adaptation/abcc_hardware_abstraction.c:690:6:ABCC_HAL_HWReset	8	static
../src/abcc_adaptation/abcc_hardware_abstraction.c:699:6:ABCC_HAL_HWReleaseReset	8	static
../src/abcc_adaptation/abcc_hardware_abstraction.c:709:7:ABCC_HAL_ReadModuleId	4	static
../src/abcc_adaptation/abcc_hardware_abstraction.c:720:6:ABCC_HAL_ModuleDetect	4	static
../src/abcc_adaptation/abcc_hardware_abstraction.c:786:6:ABCC_HAL_IsAbccInterruptActive	8	static
../src/abcc_adaptation/abcc_hardware_abstraction.c:802:6:ABCC_HAL_SpiRegDataReceived	32	static
../src/abcc_adaptation/abcc_hardware_abstraction.c:823:6:ABCC_HAL_SpiSendReceive	48	static
../src/abcc_adaptation/abcc_hardware_abstraction.c:941:6:ABCC_HAL_SerRegDataReceived	32	static
../src/abcc_adaptation/abcc_hardware_abstraction.c:960:6:ABCC_HAL_SerSendReceive	48	static
../src/abcc_adaptation/abcc_hardware_abstraction.c:1009:6:ABCC_HAL_SerRestart	16	static
