../lib/abcc-driver-api/abcc-driver/src/spi/abcc_spi_driver.c:208:6:ABCC_DrvSpiRunDriverTx	32	static
../lib/abcc-driver-api/abcc-driver/src/spi/abcc_spi_driver.c:333:14:ABCC_DrvSpiRunDriverRx	40	static
../lib/abcc-driver-api/abcc-driver/src/spi/abcc_spi_driver.c:514:13:spi_drv_DataReceived	4	static
../lib/abcc-driver-api/abcc-driver/src/spi/abcc_spi_driver.c:529:13:spi_drv_ResetReadFragInfo	4	static
../lib/abcc-driver-api/abcc-driver/src/spi/abcc_spi_driver.c:546:13:spi_drv_ResetWriteFragInfo	4	static
../lib/abcc-driver-api/abcc-driver/src/spi/abcc_spi_driver.c:569:13:drv_WdTimeoutHandler	8	static
../lib/abcc-driver-api/abcc-driver/src/spi/abcc_spi_driver.c:575:6:ABCC_DrvSpiInit	24	static
../lib/abcc-driver-api/abcc-driver/src/spi/abcc_spi_driver.c:628:6:ABCC_DrvSpiWriteMessage	24	static
../lib/abcc-driver-api/abcc-driver/src/spi/abcc_spi_driver.c:667:6:ABCC_DrvSpiWriteProcessData	32	static
../lib/abcc-driver-api/abcc-driver/src/spi/abcc_spi_driver.c:683:6:ABCC_DrvSpiIsReadyForWriteMessage	16	static
../lib/abcc-driver-api/abcc-driver/src/spi/abcc_spi_driver.c:694:6:ABCC_DrvSpiIsReadyForCmd	8	static
../lib/abcc-driver-api/abcc-driver/src/spi/abcc_spi_driver.c:699:6:ABCC_DrvSpiSetNbrOfCmds	16	static
../lib/abcc-driver-api/abcc-driver/src/spi/abcc_spi_driver.c:704:6:ABCC_DrvSpiSetAppStatus	16	static
../lib/abcc-driver-api/abcc-driver/src/spi/abcc_spi_driver.c:709:6:ABCC_DrvSpiSetPdSize	32	static
../lib/abcc-driver-api/abcc-driver/src/spi/abcc_spi_driver.c:740:13:DrvSpiSetMsgReceiverBuffer	32	static
../lib/abcc-driver-api/abcc-driver/src/spi/abcc_spi_driver.c:767:8:ABCC_DrvSpiGetIntStatus	16	static
../lib/abcc-driver-api/abcc-driver/src/spi/abcc_spi_driver.c:776:7:ABCC_DrvSpiGetAnybusState	4	static
../lib/abcc-driver-api/abcc-driver/src/spi/abcc_spi_driver.c:781:7:ABCC_DrvSpiReadProcessData	16	static
../lib/abcc-driver-api/abcc-driver/src/spi/abcc_spi_driver.c:792:14:ABCC_DrvSpiReadMessage	16	static
../lib/abcc-driver-api/abcc-driver/src/spi/abcc_spi_driver.c:807:6:ABCC_DrvSpiSetIntMask	16	static
../lib/abcc-driver-api/abcc-driver/src/spi/abcc_spi_driver.c:812:7:ABCC_DrvSpiGetWrPdBuffer	4	static
../lib/abcc-driver-api/abcc-driver/src/spi/abcc_spi_driver.c:817:8:ABCC_DrvSpiGetModCap	16	static
../lib/abcc-driver-api/abcc-driver/src/spi/abcc_spi_driver.c:825:8:ABCC_DrvSpiGetLedStatus	4	static
../lib/abcc-driver-api/abcc-driver/src/spi/abcc_spi_driver.c:830:6:ABCC_DrvSpiIsReadyForWrPd	4	static
../lib/abcc-driver-api/abcc-driver/src/spi/abcc_spi_driver.c:839:6:ABCC_DrvSpiIsSupervised	4	static
../lib/abcc-driver-api/abcc-driver/src/spi/abcc_spi_driver.c:847:7:ABCC_DrvSpiGetAnbStatus	4	static
