../lib/abcc-driver-api/src/anybus_objects/anybus_file_system_interface_object.c:100:38:anb_fsi_AllocTransactionEntry	16	static
../lib/abcc-driver-api/src/anybus_objects/anybus_file_system_interface_object.c:126:13:anb_fsi_FreeTransactionEntry	24	static
../lib/abcc-driver-api/src/anybus_objects/anybus_file_system_interface_object.c:150:38:anb_fsi_FindTransactionEntry	24	static
../lib/abcc-driver-api/src/anybus_objects/anybus_file_system_interface_object.c:175:15:anb_fsi_ValidateFilePathName	24	static
../lib/abcc-driver-api/src/anybus_objects/anybus_file_system_interface_object.c:204:13:anb_fsi_MsgResponseHandler	56	static
../lib/abcc-driver-api/src/anybus_objects/anybus_file_system_interface_object.c:374:6:ANB_FSI_Init	16	static
../lib/abcc-driver-api/src/anybus_objects/anybus_file_system_interface_object.c:388:20:ANB_FSI_Create	48	static
../lib/abcc-driver-api/src/anybus_objects/anybus_file_system_interface_object.c:427:20:ANB_FSI_Delete	48	static
../lib/abcc-driver-api/src/anybus_objects/anybus_file_system_interface_object.c:467:20:ANB_FSI_FileOpen	64	static
../lib/abcc-driver-api/src/anybus_objects/anybus_file_system_interface_object.c:521:20:ANB_FSI_FileClose	56	static
../lib/abcc-driver-api/src/anybus_objects/anybus_file_system_interface_object.c:563:20:ANB_FSI_FileDelete	64	static
../lib/abcc-driver-api/src/anybus_objects/anybus_file_system_interface_object.c:613:20:ANB_FSI_FileCopy	64	static
../lib/abcc-driver-api/src/anybus_objects/anybus_file_system_interface_object.c:676:20:ANB_FSI_FileRename	64	static
../lib/abcc-driver-api/src/anybus_objects/anybus_file_system_interface_object.c:739:20:ANB_FSI_FileRead	56	static
../lib/abcc-driver-api/src/anybus_objects/anybus_file_system_interface_object.c:785:20:ANB_FSI_FileWrite	56	static
../lib/abcc-driver-api/src/anybus_objects/anybus_file_system_interface_object.c:831:20:ANB_FSI_DirectoryOpen	64	static
../lib/abcc-driver-api/src/anybus_objects/anybus_file_system_interface_object.c:881:20:ANB_FSI_DirectoryClose	48	static
../lib/abcc-driver-api/src/anybus_objects/anybus_file_system_interface_object.c:921:20:ANB_FSI_DirectoryDelete	64	static
../lib/abcc-driver-api/src/anybus_objects/anybus_file_system_interface_object.c:971:20:ANB_FSI_DirectoryRead	56	static
../lib/abcc-driver-api/src/anybus_objects/anybus_file_system_interface_object.c:1013:20:ANB_FSI_DirectoryCreate	64	static
../lib/abcc-driver-api/src/anybus_objects/anybus_file_system_interface_object.c:1063:20:ANB_FSI_DirectoryChange	64	static
