../lib/abcc-driver-api/src/host_objects/application_data_object.c:220:13:Copy16WithEndianSwap	32	static
../lib/abcc-driver-api/src/host_objects/application_data_object.c:251:13:Copy32WithEndianSwap	32	static
../lib/abcc-driver-api/src/host_objects/application_data_object.c:284:13:Copy64WithEndianSwap	80	static
../lib/abcc-driver-api/src/host_objects/application_data_object.c:312:15:GetAdiSizeInBits	24	static
../lib/abcc-driver-api/src/host_objects/application_data_object.c:351:15:GetAdiSizeInOctets	24	static
../lib/abcc-driver-api/src/host_objects/application_data_object.c:374:13:UpdateMapSize	40	static
../lib/abcc-driver-api/src/host_objects/application_data_object.c:422:15:GetAdiIndex	24	static
../lib/abcc-driver-api/src/host_objects/application_data_object.c:476:13:IsElementRemapAllowed	16	static
../lib/abcc-driver-api/src/host_objects/application_data_object.c:509:13:RemapProcessDataCommand	72	static
../lib/abcc-driver-api/src/host_objects/application_data_object.c:760:15:CopyBitData	48	static
../lib/abcc-driver-api/src/host_objects/application_data_object.c:896:15:CopyValue	40	static
../lib/abcc-driver-api/src/host_objects/application_data_object.c:1570:13:SetAdiValue	48	static
../lib/abcc-driver-api/src/host_objects/application_data_object.c:1649:13:WriteBufferFromPdMap	48	static
../lib/abcc-driver-api/src/host_objects/application_data_object.c:1704:13:WritePdMapFromBuffer	48	static
../lib/abcc-driver-api/src/host_objects/application_data_object.c:1744:28:AD_Init	48	static
../lib/abcc-driver-api/src/host_objects/application_data_object.c:1874:24:AD_GetAdiInstEntry	24	static
../lib/abcc-driver-api/src/host_objects/application_data_object.c:1890:8:AD_GetMapSizeOctets	40	static
../lib/abcc-driver-api/src/host_objects/application_data_object.c:1947:8:AD_GetNumAdisInMap	24	static
../lib/abcc-driver-api/src/host_objects/application_data_object.c:1962:6:AD_ProcObjectRequest	80	static
../lib/abcc-driver-api/src/host_objects/application_data_object.c:2678:6:AD_UpdatePdReadData	24	static
../lib/abcc-driver-api/src/host_objects/application_data_object.c:2690:6:AD_UpdatePdWriteData	24	static
../lib/abcc-driver-api/src/host_objects/application_data_object.c:2708:6:AD_WriteBufferFromPdMap	64	static
../lib/abcc-driver-api/src/host_objects/application_data_object.c:2766:6:AD_WritePdMapFromBuffer	64	static
../lib/abcc-driver-api/src/host_objects/application_data_object.c:2824:8:AD_AdiMappingReq	24	static
../lib/abcc-driver-api/src/host_objects/application_data_object.c:2854:6:AD_RemapDone	8	static
../lib/abcc-driver-api/src/host_objects/application_data_object.c:2863:6:AD_GetAdiValue	48	static
../lib/abcc-driver-api/src/host_objects/application_data_object.c:2960:8:AD_GetPresentPdSizeInOctets	24	static
../lib/abcc-driver-api/src/host_objects/application_data_object.c:2985:6:AD_CopyPresentPdToExtBuffer	24	static
