../lib/abcc-driver-api/src/abcc_api_handler.c:267:33:ReadExeption	24	static
../lib/abcc-driver-api/src/abcc_api_handler.c:283:33:ReadExeptionInfo	24	static
../lib/abcc-driver-api/src/abcc_api_handler.c:298:34:HandleExceptionResp	40	static
../lib/abcc-driver-api/src/abcc_api_handler.c:326:34:HandleExceptionInfoResp	40	static
../lib/abcc-driver-api/src/abcc_api_handler.c:354:13:UpdateAddressDone	24	static
../lib/abcc-driver-api/src/abcc_api_handler.c:386:33:UpdateIpAddress	40	static
../lib/abcc-driver-api/src/abcc_api_handler.c:416:33:UpdateNetmask	40	static
../lib/abcc-driver-api/src/abcc_api_handler.c:446:33:UpdateGateway	40	static
../lib/abcc-driver-api/src/abcc_api_handler.c:476:33:UpdateDhcp	32	static
../lib/abcc-driver-api/src/abcc_api_handler.c:501:33:UpdateNodeAddress	32	static
../lib/abcc-driver-api/src/abcc_api_handler.c:531:13:UpdateCommSettingsDone	24	static
../lib/abcc-driver-api/src/abcc_api_handler.c:560:33:SetCommSettingCmdMsgData	24	static
../lib/abcc-driver-api/src/abcc_api_handler.c:586:33:UpdateCommSetting1	16	static
../lib/abcc-driver-api/src/abcc_api_handler.c:600:33:UpdateCommSetting2	16	static
../lib/abcc-driver-api/src/abcc_api_handler.c:614:13:UpdateBaudRateDone	24	static
../lib/abcc-driver-api/src/abcc_api_handler.c:646:33:UpdateBaudRate	32	static
../lib/abcc-driver-api/src/abcc_api_handler.c:671:13:UserInitPrepDone	32	static
../lib/abcc-driver-api/src/abcc_api_handler.c:707:6:ABCC_API_UserInitComplete	8	static
../lib/abcc-driver-api/src/abcc_api_handler.c:713:6:ABCC_API_RunTimerSystem	16	static
../lib/abcc-driver-api/src/abcc_api_handler.c:721:28:ABCC_API_Init	8	static
../lib/abcc-driver-api/src/abcc_api_handler.c:726:20:ABCC_API_Run	32	static
../lib/abcc-driver-api/src/abcc_api_handler.c:907:6:ABCC_API_SetAddress	16	static
../lib/abcc-driver-api/src/abcc_api_handler.c:964:6:ABCC_API_SetBaudrate	16	static
../lib/abcc-driver-api/src/abcc_api_handler.c:990:6:ABCC_API_SetCommSettings	16	static
../lib/abcc-driver-api/src/abcc_api_handler.c:1020:6:ABCC_API_Shutdown	8	static
../lib/abcc-driver-api/src/abcc_api_handler.c:1025:6:ABCC_API_Restart	4	static
../lib/abcc-driver-api/src/abcc_api_handler.c:1030:18:ABCC_API_AnbState	8	static
../lib/abcc-driver-api/src/abcc_api_handler.c:1035:6:ABCC_API_IsSupervised	8	static
../lib/abcc-driver-api/src/abcc_api_handler.c:1040:9:ABCC_CbfAdiMappingReq	16	static
../lib/abcc-driver-api/src/abcc_api_handler.c:1046:6:ABCC_CbfUpdateWriteProcessData	16	static
../lib/abcc-driver-api/src/abcc_api_handler.c:1059:6:ABCC_CbfRemapDone	8	static
../lib/abcc-driver-api/src/abcc_api_handler.c:1065:6:ABCC_CbfNewReadPd	16	static
../lib/abcc-driver-api/src/abcc_api_handler.c:1076:6:ABCC_CbfDriverError	16	static
../lib/abcc-driver-api/src/abcc_api_handler.c:1087:6:ABCC_CbfWdTimeout	24	static
../lib/abcc-driver-api/src/abcc_api_handler.c:1104:6:ABCC_CbfWdTimeoutRecovered	16	static
../lib/abcc-driver-api/src/abcc_api_handler.c:1151:6:ABCC_CbfAnbStateChanged	32	static
../lib/abcc-driver-api/src/abcc_api_handler.c:1192:6:ABCC_CbfUserInitReq	16	static
