../lib/abcc-driver-api/src/abcc_api_select_firmware.c:102:13:IsDirectoryOpen	16	static
../lib/abcc-driver-api/src/abcc_api_select_firmware.c:117:13:IsInstanceCreated	16	static
../lib/abcc-driver-api/src/abcc_api_select_firmware.c:132:13:CleanUp	16	static
../lib/abcc-driver-api/src/abcc_api_select_firmware.c:154:13:SetState	16	static
../lib/abcc-driver-api/src/abcc_api_select_firmware.c:162:13:FsiObjectResponse	16	static
../lib/abcc-driver-api/src/abcc_api_select_firmware.c:177:27:CreateInstance	16	static
../lib/abcc-driver-api/src/abcc_api_select_firmware.c:191:27:DirectoryOpen	24	static
../lib/abcc-driver-api/src/abcc_api_select_firmware.c:205:27:DirectoryRead	24	static
../lib/abcc-driver-api/src/abcc_api_select_firmware.c:219:27:DirectoryReadNext	16	static
../lib/abcc-driver-api/src/abcc_api_select_firmware.c:241:13:EndOfDirectoryReached	4	static
../lib/abcc-driver-api/src/abcc_api_select_firmware.c:253:13:TargetFwFileFound	16	static
../lib/abcc-driver-api/src/abcc_api_select_firmware.c:281:13:SetupFirmwareFilePaths	16	static
../lib/abcc-driver-api/src/abcc_api_select_firmware.c:307:27:DirectoryClose	24	static
../lib/abcc-driver-api/src/abcc_api_select_firmware.c:320:27:CopyFile	24	static
../lib/abcc-driver-api/src/abcc_api_select_firmware.c:333:27:DeleteInstance	24	static
../lib/abcc-driver-api/src/abcc_api_select_firmware.c:346:13:RunStateMachine	24	static
../lib/abcc-driver-api/src/abcc_api_select_firmware.c:389:13:NotifyResult	16	static
../lib/abcc-driver-api/src/abcc_api_select_firmware.c:405:6:ABCC_API_SelectFirmware	16	static
