../lib/abcc-driver-api/abcc-driver/src/abcc_setup.c:199:15:GetAdiIndex	24	static
../lib/abcc-driver-api/abcc-driver/src/abcc_setup.c:234:15:abcc_GetAdiMapSizeInBits	24	static
../lib/abcc-driver-api/abcc-driver/src/abcc_setup.c:259:13:abcc_FillMapExtCommand	16	static
../lib/abcc-driver-api/abcc-driver/src/abcc_setup.c:270:6:ABCC_SetupInit	4	static
../lib/abcc-driver-api/abcc-driver/src/abcc_setup.c:297:33:DataFormatCmd	24	static
../lib/abcc-driver-api/abcc-driver/src/abcc_setup.c:306:6:ABCC_IsFirstCommandPending	4	static
../lib/abcc-driver-api/abcc-driver/src/abcc_setup.c:318:34:DataFormatResp	40	static
../lib/abcc-driver-api/abcc-driver/src/abcc_setup.c:362:33:ParamSupportCmd	24	static
../lib/abcc-driver-api/abcc-driver/src/abcc_setup.c:378:34:ParamSupportResp	40	static
../lib/abcc-driver-api/abcc-driver/src/abcc_setup.c:412:33:ModuleTypeCmd	24	static
../lib/abcc-driver-api/abcc-driver/src/abcc_setup.c:428:34:ModuleTypeResp	32	static
../lib/abcc-driver-api/abcc-driver/src/abcc_setup.c:453:33:NetworkTypeCmd	24	static
../lib/abcc-driver-api/abcc-driver/src/abcc_setup.c:469:34:NetworkTypeResp	32	static
../lib/abcc-driver-api/abcc-driver/src/abcc_setup.c:494:33:FirmwareVersionCmd	24	static
../lib/abcc-driver-api/abcc-driver/src/abcc_setup.c:510:34:FirmwareVersionResp	40	static
../lib/abcc-driver-api/abcc-driver/src/abcc_setup.c:539:33:PreparePdMapping	16	static
../lib/abcc-driver-api/abcc-driver/src/abcc_setup.c:558:33:ReadWriteMapCmd	56	static
../lib/abcc-driver-api/abcc-driver/src/abcc_setup.c:697:34:ReadWriteMapResp	32	static
../lib/abcc-driver-api/abcc-driver/src/abcc_setup.c:732:13:TriggerUserInit	32	static
../lib/abcc-driver-api/abcc-driver/src/abcc_setup.c:770:33:RdPdSizeCmd	24	static
../lib/abcc-driver-api/abcc-driver/src/abcc_setup.c:786:34:RdPdSizeResp	40	static
../lib/abcc-driver-api/abcc-driver/src/abcc_setup.c:837:33:WrPdSizeCmd	24	static
../lib/abcc-driver-api/abcc-driver/src/abcc_setup.c:853:34:WrPdSizeResp	40	static
../lib/abcc-driver-api/abcc-driver/src/abcc_setup.c:902:33:SetupCompleteCmd	24	static
../lib/abcc-driver-api/abcc-driver/src/abcc_setup.c:919:34:SetupCompleteResp	32	static
../lib/abcc-driver-api/abcc-driver/src/abcc_setup.c:937:13:SetupDone	32	static
../lib/abcc-driver-api/abcc-driver/src/abcc_setup.c:1045:6:ABCC_StartSetup	8	static
../lib/abcc-driver-api/abcc-driver/src/abcc_setup.c:1051:6:ABCC_UserInitComplete	8	static
../lib/abcc-driver-api/abcc-driver/src/abcc_setup.c:1088:20:ABCC_FirmwareVersion	16	static
../lib/abcc-driver-api/abcc-driver/src/abcc_setup.c:1093:8:ABCC_NetworkType	4	static
../lib/abcc-driver-api/abcc-driver/src/abcc_setup.c:1098:8:ABCC_ModuleType	4	static
../lib/abcc-driver-api/abcc-driver/src/abcc_setup.c:1103:20:ABCC_NetFormat	4	static
../lib/abcc-driver-api/abcc-driver/src/abcc_setup.c:1108:27:ABCC_ParameterSupport	4	static
