../lib/abcc-driver-api/abcc-driver/src/abcc_link.c:96:21:link_DeQueue	40	static
../lib/abcc-driver-api/abcc-driver/src/abcc_link.c:118:13:link_EnQueue	16	static
../lib/abcc-driver-api/abcc-driver/src/abcc_link.c:129:13:link_CheckNotification	16	static
../lib/abcc-driver-api/abcc-driver/src/abcc_link.c:138:6:ABCC_LinkInit	16	static
../lib/abcc-driver-api/abcc-driver/src/abcc_link.c:185:14:ABCC_LinkReadMessage	16	static
../lib/abcc-driver-api/abcc-driver/src/abcc_link.c:210:6:ABCC_LinkCheckSendMessage	16	static
../lib/abcc-driver-api/abcc-driver/src/abcc_link.c:298:6:ABCC_LinkRunDriverRx	16	static
../lib/abcc-driver-api/abcc-driver/src/abcc_link.c:316:8:ABCC_LinkGetNumCmdQueueEntries	16	static
../lib/abcc-driver-api/abcc-driver/src/abcc_link.c:324:20:ABCC_LinkWriteMessage	48	static
../lib/abcc-driver-api/abcc-driver/src/abcc_link.c:482:20:ABCC_LinkWrMsgWithNotification	40	static
../lib/abcc-driver-api/abcc-driver/src/abcc_link.c:506:6:ABCC_LinkFree	24	static
../lib/abcc-driver-api/abcc-driver/src/abcc_link.c:518:20:ABCC_LinkMapMsgHandler	24	static
../lib/abcc-driver-api/abcc-driver/src/abcc_link.c:542:25:ABCC_LinkGetMsgHandler	24	static
../lib/abcc-driver-api/abcc-driver/src/abcc_link.c:565:6:ABCC_LinkIsSrcIdUsed	24	static
