../lib/abcc-driver-api/abcc-driver/src/abcc_handler.c:158:13:TriggerWrPdUpdateNow	8	static
../lib/abcc-driver-api/abcc-driver/src/abcc_handler.c:185:13:SetMainState	32	static
../lib/abcc-driver-api/abcc-driver/src/abcc_handler.c:203:13:TriggerWrPdUpdateLater	4	static
../lib/abcc-driver-api/abcc-driver/src/abcc_handler.c:209:13:IsInterruptInUse	16	static
../lib/abcc-driver-api/abcc-driver/src/abcc_handler.c:233:13:IsPolledInterruptInUse	16	static
../lib/abcc-driver-api/abcc-driver/src/abcc_handler.c:258:13:SetReadyForCommunicationTmo	4	static
../lib/abcc-driver-api/abcc-driver/src/abcc_handler.c:264:6:ABCC_CheckWrPdUpdate	8	static
../lib/abcc-driver-api/abcc-driver/src/abcc_handler.c:274:6:ABCC_SetReadyForCommunication	4	static
../lib/abcc-driver-api/abcc-driver/src/abcc_handler.c:279:6:ABCC_SetError	16	static
../lib/abcc-driver-api/abcc-driver/src/abcc_handler.c:298:20:ABCC_GetMainState	4	static
../lib/abcc-driver-api/abcc-driver/src/abcc_handler.c:303:8:ABCC_GetMessageChannelSize	4	static
../lib/abcc-driver-api/abcc-driver/src/abcc_handler.c:308:8:ABCC_GetMaxMessageSize	4	static
../lib/abcc-driver-api/abcc-driver/src/abcc_handler.c:314:6:ABCC_TriggerAnbStatusUpdate	16	static
../lib/abcc-driver-api/abcc-driver/src/abcc_handler.c:327:6:ABCC_TriggerTransmitMessage	8	static
../lib/abcc-driver-api/abcc-driver/src/abcc_handler.c:346:20:ABCC_HwInit	8	static
../lib/abcc-driver-api/abcc-driver/src/abcc_handler.c:356:20:ABCC_StartDriver	40	static
../lib/abcc-driver-api/abcc-driver/src/abcc_handler.c:578:6:ABCC_WaitForFwUpdate	16	static
../lib/abcc-driver-api/abcc-driver/src/abcc_handler.c:598:29:ABCC_isReadyForCommunication	8	static
../lib/abcc-driver-api/abcc-driver/src/abcc_handler.c:654:6:ABCC_TriggerRdPdUpdate	16	static
../lib/abcc-driver-api/abcc-driver/src/abcc_handler.c:688:6:ABCC_TriggerReceiveMessage	32	static
../lib/abcc-driver-api/abcc-driver/src/abcc_handler.c:779:20:ABCC_SendCmdMsg	32	static
../lib/abcc-driver-api/abcc-driver/src/abcc_handler.c:815:8:ABCC_GetCmdQueueSize	8	static
../lib/abcc-driver-api/abcc-driver/src/abcc_handler.c:821:20:ABCC_SendRespMsg	16	static
../lib/abcc-driver-api/abcc-driver/src/abcc_handler.c:826:14:ABCC_GetCmdMsgBuffer	8	static
../lib/abcc-driver-api/abcc-driver/src/abcc_handler.c:835:20:ABCC_ReturnMsgBuffer	16	static
../lib/abcc-driver-api/abcc-driver/src/abcc_handler.c:842:6:ABCC_TakeMsgBufferOwnership	16	static
../lib/abcc-driver-api/abcc-driver/src/abcc_handler.c:847:6:ABCC_SetPdSize	32	static
../lib/abcc-driver-api/abcc-driver/src/abcc_handler.c:853:20:ABCC_RunDriver	8	static
../lib/abcc-driver-api/abcc-driver/src/abcc_handler.c:870:6:ABCC_HWReset	16	static
../lib/abcc-driver-api/abcc-driver/src/abcc_handler.c:878:6:ABCC_ShutdownDriver	16	static
../lib/abcc-driver-api/abcc-driver/src/abcc_handler.c:895:6:ABCC_ModuleDetect	8	static
../lib/abcc-driver-api/abcc-driver/src/abcc_handler.c:904:8:ABCC_ModCap	8	static
../lib/abcc-driver-api/abcc-driver/src/abcc_handler.c:909:8:ABCC_LedStatus	8	static
../lib/abcc-driver-api/abcc-driver/src/abcc_handler.c:914:7:ABCC_AnbState	8	static
../lib/abcc-driver-api/abcc-driver/src/abcc_handler.c:919:6:ABCC_IsSupervised	8	static
../lib/abcc-driver-api/abcc-driver/src/abcc_handler.c:924:6:ABCC_HWReleaseReset	16	static
../lib/abcc-driver-api/abcc-driver/src/abcc_handler.c:930:19:ABCC_GetAppStatus	4	static
../lib/abcc-driver-api/abcc-driver/src/abcc_handler.c:935:6:ABCC_SetAppStatus	16	static
../lib/abcc-driver-api/abcc-driver/src/abcc_handler.c:944:7:ABCC_ReadModuleId	8	static
../lib/abcc-driver-api/abcc-driver/src/abcc_handler.c:953:6:ABCC_RunTimerSystem	16	static
../lib/abcc-driver-api/abcc-driver/src/abcc_handler.c:958:8:ABCC_GetUptimeMs	8	static
../lib/abcc-driver-api/abcc-driver/src/abcc_handler.c:963:7:ABCC_GetNewSourceId	16	static
../lib/abcc-driver-api/abcc-driver/src/abcc_handler.c:979:7:ABCC_GetOpmode	8	static
../lib/abcc-driver-api/abcc-driver/src/abcc_handler.c:996:6:ABCC_GetAttribute	24	static
../lib/abcc-driver-api/abcc-driver/src/abcc_handler.c:1016:6:ABCC_SetByteAttribute	24	static
../lib/abcc-driver-api/abcc-driver/src/abcc_handler.c:1038:6:ABCC_SetMsgHeader	24	static
../lib/abcc-driver-api/abcc-driver/src/abcc_handler.c:1060:20:ABCC_VerifyMessage	24	static
../lib/abcc-driver-api/abcc-driver/src/abcc_handler.c:1074:8:ABCC_GetDataTypeSizeInBits	24	static
../lib/abcc-driver-api/abcc-driver/src/abcc_handler.c:1104:7:ABCC_GetDataTypeSize	40	static
../lib/abcc-driver-api/abcc-driver/src/abcc_handler.c:1192:6:ABCC_GetString	24	static
../lib/abcc-driver-api/abcc-driver/src/abcc_handler.c:1200:6:ABCC_SetString	24	static
../lib/abcc-driver-api/abcc-driver/src/abcc_handler.c:1208:6:ABCC_GetData8	24	static
../lib/abcc-driver-api/abcc-driver/src/abcc_handler.c:1216:6:ABCC_SetData8	16	static
../lib/abcc-driver-api/abcc-driver/src/abcc_handler.c:1221:6:ABCC_GetData16	24	static
../lib/abcc-driver-api/abcc-driver/src/abcc_handler.c:1227:6:ABCC_SetData16	16	static
../lib/abcc-driver-api/abcc-driver/src/abcc_handler.c:1233:6:ABCC_GetData32	24	static
../lib/abcc-driver-api/abcc-driver/src/abcc_handler.c:1239:6:ABCC_SetData32	24	static
../lib/abcc-driver-api/abcc-driver/src/abcc_handler.c:1246:6:ABCC_GetData64	24	static
../lib/abcc-driver-api/abcc-driver/src/abcc_handler.c:1252:6:ABCC_SetData64	24	static
