../lib/abcc-driver-api/abcc-driver/src/serial/abcc_serial_driver.c:143:13:drv_RxTelegramReceived	4	static
../lib/abcc-driver-api/abcc-driver/src/serial/abcc_serial_driver.c:160:13:drv_WriteFragInit	24	static
../lib/abcc-driver-api/abcc-driver/src/serial/abcc_serial_driver.c:177:13:drv_GetWriteFrag	32	static
../lib/abcc-driver-api/abcc-driver/src/serial/abcc_serial_driver.c:206:13:drv_PrepareNextWriteFrag	24	static
../lib/abcc-driver-api/abcc-driver/src/serial/abcc_serial_driver.c:233:13:drv_isWrMsgSendingInprogress	16	static
../lib/abcc-driver-api/abcc-driver/src/serial/abcc_serial_driver.c:251:13:drv_InitReadFrag	24	static
../lib/abcc-driver-api/abcc-driver/src/serial/abcc_serial_driver.c:269:13:drv_AddReadFrag	16	static
../lib/abcc-driver-api/abcc-driver/src/serial/abcc_serial_driver.c:301:13:drv_isRdMsgReceiveInprogress	16	static
../lib/abcc-driver-api/abcc-driver/src/serial/abcc_serial_driver.c:306:13:drv_WdTimeoutHandler	8	static
../lib/abcc-driver-api/abcc-driver/src/serial/abcc_serial_driver.c:312:13:drv_TelegramTimeoutHandler	4	static
../lib/abcc-driver-api/abcc-driver/src/serial/abcc_serial_driver.c:317:6:ABCC_DrvSerInit	32	static
../lib/abcc-driver-api/abcc-driver/src/serial/abcc_serial_driver.c:403:6:ABCC_DrvSerRunDriverTx	16	static
../lib/abcc-driver-api/abcc-driver/src/serial/abcc_serial_driver.c:506:14:ABCC_DrvSerRunDriverRx	32	static
../lib/abcc-driver-api/abcc-driver/src/serial/abcc_serial_driver.c:674:8:ABCC_DrvSerISR	4	static
../lib/abcc-driver-api/abcc-driver/src/serial/abcc_serial_driver.c:679:6:ABCC_DrvSerWriteMessage	32	static
../lib/abcc-driver-api/abcc-driver/src/serial/abcc_serial_driver.c:708:6:ABCC_DrvSerWriteProcessData	32	static
../lib/abcc-driver-api/abcc-driver/src/serial/abcc_serial_driver.c:726:6:ABCC_DrvSerIsReadyForWriteMessage	16	static
../lib/abcc-driver-api/abcc-driver/src/serial/abcc_serial_driver.c:740:6:ABCC_DrvSerIsReadyForCmd	8	static
../lib/abcc-driver-api/abcc-driver/src/serial/abcc_serial_driver.c:745:6:ABCC_DrvSerSetNbrOfCmds	16	static
../lib/abcc-driver-api/abcc-driver/src/serial/abcc_serial_driver.c:750:6:ABCC_DrvSerSetAppStatus	16	static
../lib/abcc-driver-api/abcc-driver/src/serial/abcc_serial_driver.c:755:6:ABCC_DrvSerSetPdSize	32	static
../lib/abcc-driver-api/abcc-driver/src/serial/abcc_serial_driver.c:791:13:DrvSerSetMsgReceiverBuffer	16	static
../lib/abcc-driver-api/abcc-driver/src/serial/abcc_serial_driver.c:799:8:ABCC_DrvSerGetIntStatus	16	static
../lib/abcc-driver-api/abcc-driver/src/serial/abcc_serial_driver.c:808:7:ABCC_DrvSerGetAnybusState	4	static
../lib/abcc-driver-api/abcc-driver/src/serial/abcc_serial_driver.c:813:7:ABCC_DrvSerReadProcessData	4	static
../lib/abcc-driver-api/abcc-driver/src/serial/abcc_serial_driver.c:818:14:ABCC_DrvSerReadMessage	16	static
../lib/abcc-driver-api/abcc-driver/src/serial/abcc_serial_driver.c:832:6:ABCC_DrvSerSetIntMask	16	static
../lib/abcc-driver-api/abcc-driver/src/serial/abcc_serial_driver.c:840:7:ABCC_DrvSerGetWrPdBuffer	4	static
../lib/abcc-driver-api/abcc-driver/src/serial/abcc_serial_driver.c:848:8:ABCC_DrvSerGetModCap	16	static
../lib/abcc-driver-api/abcc-driver/src/serial/abcc_serial_driver.c:856:8:ABCC_DrvSerGetLedStatus	16	static
../lib/abcc-driver-api/abcc-driver/src/serial/abcc_serial_driver.c:864:6:ABCC_DrvSerIsReadyForWrPd	4	static
../lib/abcc-driver-api/abcc-driver/src/serial/abcc_serial_driver.c:873:6:ABCC_DrvSerIsSupervised	4	static
../lib/abcc-driver-api/abcc-driver/src/serial/abcc_serial_driver.c:878:7:ABCC_DrvSerGetAnbStatus	4	static
